107-155-122-172.static.hvvc.us
113-30-190-54.cloud-xip.com
138-68-162-128.nip.io
157-230-209-101.cprapid.com
172-105-49-139.ip.linodeusercontent.com
4.196.215.35.bc.googleusercontent.com
45.77.154.69.sslip.io
4jvm9hwq0d2j4.cfc-execute.gz.baidubce.com
64-39-176-145.ded.execulink.com
764017-goodsmile.tmweb.ru
95-111-198-21.sg-sin1.upcloud.host
a0230a75ca4101bc6.awsglobalaccelerator.com
adoring-tereshkova.185-184-58-213.plesk.page
ahv-id-27853.vps.awcloud.nl
bamboopayment.ip-ddns.com
bmwspeednl.development.bladewp.com
cpcontacts.google-api.duckdns.org
cryroot.tets.ddns-ip.net
d7f8324164046eb4.cdn.jiashule.com
directdeposit.your-account-login.com
ec2-3-141-231-53.us-east-2.compute.amazonaws.com
ecs-115-120-250-85.compute.hwclouds-dns.com
eq-meet-uat.aspirapps.com
gophish-its-01-u27264.vm.elestio.app
gophish-wisr.hjahbwdrbhckcya8.australiaeast.azurecontainer.io
gp-05.linkso.fr
helloworld-aogxlrocvl.cn-hangzhou.fcapp.run
host-77-246-99-16.hosted-by-vdsina.ru
ip4.ip-149-56-203.net
ip-6-182.digi.net.id
ip74-208-123-194.pbiaas.com
ns3138123.ip-51-83-2.eu
static.wps-cdn.com
v220210782177158912.hotsrv.de
v2202112118727170766.bestsrv.de
vmi837119.contaboserver.net
vtwo.me.cdn.cloudflare.net
